// Jest Snapshot v1, https://goo.gl/fbAQLP

exports[`render image in details 1`] = `
<div>
  <table
    class="sa-table__detail-table"
  >
    <tr
      class="sa-table__detail"
    >
      <td>
        q1
      </td>
      <td>
        <img
          src="signature"
        />
      </td>
      <td>
        <button
          class="sa-table__btn sa-table__btn--gray"
        >
          Show as Column
        </button>
      </td>
    </tr>
  </table>
</div>
`;
